// Jest Snapshot v1, https://goo.gl/fbAQLP

exports[`A snapshot is created for options renders correctly 1`] = `
<div>
  <div>
    <nav>
      <div
        className="container"
      >
        <a
          href="/"
          onClick={[Function]}
        >
           
          <div
            className="active-link"
            onClick={[Function]}
          >
            CURRENCY CONVERTER
          </div>
        </a>
        <a
          href="/exchange"
          onClick={[Function]}
        >
           
          <div
            className=""
            onClick={[Function]}
          >
            CURRENT EXCHANGE RATES
          </div>
        </a>
        <div
          className="animation-start-home"
        />
      </div>
    </nav>
  </div>
  <div
    className="Grid-Layout"
  >
    <div
      className="Grid-Heading"
    >
      <div
        className="Grid-Title"
      >
        Currency converter
      </div>
      <div
        className="Banner"
      >
         
        <p>
          Enter the currency that you want to convert
        </p>
      </div>
    </div>
    <div
      className="Currency-Containers"
    >
      <div
        className="Currency-Layout"
      >
        <div
          className="Currency-Container"
        >
          <div
            className="Currency"
          >
            Currency
          </div>
          <select
            onChange={[Function]}
          >
            <option
              className="Option-Data"
            >
               
              British Pound
               (
              GBP
              )
            </option>
            <option
              className="Option-Data"
              value="{\\"id\\":1,\\"currency\\":\\"AUD\\",\\"currencyName\\":\\"Australian Dollar\\",\\"symbol\\":\\"$\\",\\"flag\\":\\"https://www.countryflags.io/AU/shiny/64.png\\"}"
            >
               
              Australian Dollar
               (
              AUD
              )
            </option>
            <option
              className="Option-Data"
              value="{\\"id\\":2,\\"currency\\":\\"USD\\",\\"currencyName\\":\\"American Dollar\\",\\"symbol\\":\\"$\\",\\"flag\\":\\"hhttps://www.countryflags.io/US/shiny/64.png\\"}"
            >
               
              American Dollar
               (
              USD
              )
            </option>
            <option
              className="Option-Data"
              value="{\\"id\\":3,\\"currency\\":\\"GBP\\",\\"currencyName\\":\\"British Pound\\",\\"symbol\\":\\"£\\",\\"flag\\":\\"https://www.countryflags.io/GB/shiny/64.png\\"}"
            >
               
              British Pound
               (
              GBP
              )
            </option>
            <option
              className="Option-Data"
              value="{\\"id\\":4,\\"currency\\":\\"INR\\",\\"flag\\":\\"https://www.countryflags.io/IN/shiny/64.png\\",\\"symbol\\":\\"₹\\",\\"currencyName\\":\\"Indian Rupee\\"}"
            >
               
              Indian Rupee
               (
              INR
              )
            </option>
            <option
              className="Option-Data"
              value="{\\"id\\":5,\\"currency\\":\\"CAD\\",\\"currencyName\\":\\"Canadian Dollar\\",\\"symbol\\":\\"$\\",\\"flag\\":\\"https://www.countryflags.io/CA/shiny/64.png\\"}"
            >
               
              Canadian Dollar
               (
              CAD
              )
            </option>
            <option
              className="Option-Data"
              value="{\\"id\\":6,\\"currency\\":\\"SGD\\",\\"currencyName\\":\\"Singapore Dollar\\",\\"symbol\\":\\"$\\",\\"flag\\":\\"https://www.countryflags.io/SG/shiny/64.png\\"}"
            >
               
              Singapore Dollar
               (
              SGD
              )
            </option>
            <option
              className="Option-Data"
              value="{\\"id\\":7,\\"currency\\":\\"ILS\\",\\"currencyName\\":\\" Israeli shekel\\",\\"symbol\\":\\"₪\\",\\"flag\\":\\"https://www.countryflags.io/IL/shiny/64.png\\"}"
            >
               
               Israeli shekel
               (
              ILS
              )
            </option>
            <option
              className="Option-Data"
              value="{\\"id\\":8,\\"currency\\":\\"JPY\\",\\"currencyName\\":\\"Japanese Yen\\",\\"symbol\\":\\"¥\\",\\"flag\\":\\"https://www.countryflags.io/JP/shiny/64.png\\"}"
            >
               
              Japanese Yen
               (
              JPY
              )
            </option>
            <option
              className="Option-Data"
              value="{\\"id\\":9,\\"currency\\":\\"CNY\\",\\"currencyName\\":\\"Chinese Yuan\\",\\"symbol\\":\\"¥\\",\\"flag\\":\\"https://www.countryflags.io/CN/shiny/64.png\\"}"
            >
               
              Chinese Yuan
               (
              CNY
              )
            </option>
            <option
              className="Option-Data"
              value="{\\"id\\":10,\\"currency\\":\\"TRY\\",\\"currencyName\\":\\"Turkish lira\\",\\"symbol\\":\\"฿\\",\\"flag\\":\\"https://www.countryflags.io/TR/shiny/64.png\\"}"
            >
               
              Turkish lira
               (
              TRY
              )
            </option>
            <option
              className="Option-Data"
              value="{\\"id\\":11,\\"currency\\":\\"ZAR\\",\\"currencyName\\":\\"Rand\\",\\"symbol\\":\\"R\\",\\"flag\\":\\"https://www.countryflags.io/ZA/shiny/64.png\\"}"
            >
               
              Rand
               (
              ZAR
              )
            </option>
            <option
              className="Option-Data"
              value="{\\"id\\":12,\\"currency\\":\\"SR\\",\\"currencyName\\":\\"Saudi Rial\\",\\"symbol\\":\\"﷼\\",\\"flag\\":\\"https://www.countryflags.io/SA/shiny/64.png\\"}"
            >
               
              Saudi Rial
               (
              SR
              )
            </option>
            <option
              className="Option-Data"
              value="{\\"id\\":13,\\"currency\\":\\"KRW\\",\\"currencyName\\":\\"South Korean Won\\",\\"symbol\\":\\"₩\\",\\"flag\\":\\"https://www.countryflags.io/KP/shiny/64.png\\"}"
            >
               
              South Korean Won
               (
              KRW
              )
            </option>
            <option
              className="Option-Data"
              value="{\\"id\\":14,\\"currency\\":\\"ISK\\",\\"currencyName\\":\\"Icelandic krona\\",\\"symbol\\":\\"Íkr\\",\\"flag\\":\\"hhttps://www.countryflags.io/IC/shiny/64.png\\"}"
            >
               
              Icelandic krona
               (
              ISK
              )
            </option>
            <option
              className="Option-Data"
              value="{\\"id\\":15,\\"currency\\":\\"AED\\",\\"currencyName\\":\\"Emarati Diraham\\",\\"symbol\\":\\"د.إ\\",\\"flag\\":\\"https://www.countryflags.io/AE/shiny/64.png\\"}"
            >
               
              Emarati Diraham
               (
              AED
              )
            </option>
          </select>
          <div
            className="Currency"
            style={
              Object {
                "marginTop": "40px",
              }
            }
          >
            Enter Amount
          </div>
          <div
            className="Input-Currency"
          >
             
            <div
              className="Symbol"
            >
              £
            </div>
            <input
              onChange={[Function]}
              type="number"
              value={1}
            />
          </div>
        </div>
      </div>
      <div
        className="Currency-Layout"
      >
        <div
          className="Currency-Container"
        >
          <div
            className="Currency"
          >
            Currency
          </div>
          <select
            onChange={[Function]}
          >
            <option
              className="Option-Data"
            >
               
              American Dollar
               (
              USD
              )
            </option>
            <option
              className="Option-Data"
              value="{\\"id\\":1,\\"currency\\":\\"AUD\\",\\"currencyName\\":\\"Australian Dollar\\",\\"symbol\\":\\"$\\",\\"flag\\":\\"https://www.countryflags.io/AU/shiny/64.png\\"}"
            >
               
              Australian Dollar
               (
              AUD
              )
            </option>
            <option
              className="Option-Data"
              value="{\\"id\\":2,\\"currency\\":\\"USD\\",\\"currencyName\\":\\"American Dollar\\",\\"symbol\\":\\"$\\",\\"flag\\":\\"hhttps://www.countryflags.io/US/shiny/64.png\\"}"
            >
               
              American Dollar
               (
              USD
              )
            </option>
            <option
              className="Option-Data"
              value="{\\"id\\":3,\\"currency\\":\\"GBP\\",\\"currencyName\\":\\"British Pound\\",\\"symbol\\":\\"£\\",\\"flag\\":\\"https://www.countryflags.io/GB/shiny/64.png\\"}"
            >
               
              British Pound
               (
              GBP
              )
            </option>
            <option
              className="Option-Data"
              value="{\\"id\\":4,\\"currency\\":\\"INR\\",\\"flag\\":\\"https://www.countryflags.io/IN/shiny/64.png\\",\\"symbol\\":\\"₹\\",\\"currencyName\\":\\"Indian Rupee\\"}"
            >
               
              Indian Rupee
               (
              INR
              )
            </option>
            <option
              className="Option-Data"
              value="{\\"id\\":5,\\"currency\\":\\"CAD\\",\\"currencyName\\":\\"Canadian Dollar\\",\\"symbol\\":\\"$\\",\\"flag\\":\\"https://www.countryflags.io/CA/shiny/64.png\\"}"
            >
               
              Canadian Dollar
               (
              CAD
              )
            </option>
            <option
              className="Option-Data"
              value="{\\"id\\":6,\\"currency\\":\\"SGD\\",\\"currencyName\\":\\"Singapore Dollar\\",\\"symbol\\":\\"$\\",\\"flag\\":\\"https://www.countryflags.io/SG/shiny/64.png\\"}"
            >
               
              Singapore Dollar
               (
              SGD
              )
            </option>
            <option
              className="Option-Data"
              value="{\\"id\\":7,\\"currency\\":\\"ILS\\",\\"currencyName\\":\\" Israeli shekel\\",\\"symbol\\":\\"₪\\",\\"flag\\":\\"https://www.countryflags.io/IL/shiny/64.png\\"}"
            >
               
               Israeli shekel
               (
              ILS
              )
            </option>
            <option
              className="Option-Data"
              value="{\\"id\\":8,\\"currency\\":\\"JPY\\",\\"currencyName\\":\\"Japanese Yen\\",\\"symbol\\":\\"¥\\",\\"flag\\":\\"https://www.countryflags.io/JP/shiny/64.png\\"}"
            >
               
              Japanese Yen
               (
              JPY
              )
            </option>
            <option
              className="Option-Data"
              value="{\\"id\\":9,\\"currency\\":\\"CNY\\",\\"currencyName\\":\\"Chinese Yuan\\",\\"symbol\\":\\"¥\\",\\"flag\\":\\"https://www.countryflags.io/CN/shiny/64.png\\"}"
            >
               
              Chinese Yuan
               (
              CNY
              )
            </option>
            <option
              className="Option-Data"
              value="{\\"id\\":10,\\"currency\\":\\"TRY\\",\\"currencyName\\":\\"Turkish lira\\",\\"symbol\\":\\"฿\\",\\"flag\\":\\"https://www.countryflags.io/TR/shiny/64.png\\"}"
            >
               
              Turkish lira
               (
              TRY
              )
            </option>
            <option
              className="Option-Data"
              value="{\\"id\\":11,\\"currency\\":\\"ZAR\\",\\"currencyName\\":\\"Rand\\",\\"symbol\\":\\"R\\",\\"flag\\":\\"https://www.countryflags.io/ZA/shiny/64.png\\"}"
            >
               
              Rand
               (
              ZAR
              )
            </option>
            <option
              className="Option-Data"
              value="{\\"id\\":12,\\"currency\\":\\"SR\\",\\"currencyName\\":\\"Saudi Rial\\",\\"symbol\\":\\"﷼\\",\\"flag\\":\\"https://www.countryflags.io/SA/shiny/64.png\\"}"
            >
               
              Saudi Rial
               (
              SR
              )
            </option>
            <option
              className="Option-Data"
              value="{\\"id\\":13,\\"currency\\":\\"KRW\\",\\"currencyName\\":\\"South Korean Won\\",\\"symbol\\":\\"₩\\",\\"flag\\":\\"https://www.countryflags.io/KP/shiny/64.png\\"}"
            >
               
              South Korean Won
               (
              KRW
              )
            </option>
            <option
              className="Option-Data"
              value="{\\"id\\":14,\\"currency\\":\\"ISK\\",\\"currencyName\\":\\"Icelandic krona\\",\\"symbol\\":\\"Íkr\\",\\"flag\\":\\"hhttps://www.countryflags.io/IC/shiny/64.png\\"}"
            >
               
              Icelandic krona
               (
              ISK
              )
            </option>
            <option
              className="Option-Data"
              value="{\\"id\\":15,\\"currency\\":\\"AED\\",\\"currencyName\\":\\"Emarati Diraham\\",\\"symbol\\":\\"د.إ\\",\\"flag\\":\\"https://www.countryflags.io/AE/shiny/64.png\\"}"
            >
               
              Emarati Diraham
               (
              AED
              )
            </option>
          </select>
          <div
            className="Currency"
            style={
              Object {
                "marginTop": "40px",
              }
            }
          >
            Enter Amount
          </div>
          <div
            className="Input-Currency"
          >
             
            <div
              className="Symbol"
            >
              $
            </div>
            <input
              onChange={[Function]}
              type="number"
              value={1}
            />
          </div>
        </div>
      </div>
    </div>
  </div>
</div>
`;
